# Input card for Resummino.

# This input card defines the hadron collider parameters and the process. The
# SUSY model is defined in a separate file in the SLHA file format.
# All energies and masses are in GeV.

# Collider parameters.
collider_type         = proton-proton  # proton-proton or proton-antiproton
center_of_mass_energy = 7000

# Outgoing particles using the value of the PDG-scheme number.
# The particles are listed in the table below. A minus in front of the PDG
# means charge conjugation. 
# ┌─────────────────────┬───────────────────┬───────────────────┐
# │ e_L-      =      11 │ nu_eL   =      12 │                   │
# │ mu_L-     =      13 │ nu_muL  =      14 │                   │
# │ tau_1-    =      15 │ nu_tau  =      16 │                   │
# ├─────────────────────┼───────────────────┼───────────────────┤
# │ ~e_L-     = 1000011 │ ~e_R-   = 2000011 │ ~nu_eL  = 1000012 │
# │ ~mu_L-    = 1000013 │ ~mu_R-  = 2000013 │ ~nu_muL = 1000014 │
# │ ~tau_1-   = 1000015 │ ~tau_2- = 2000015 │ ~nu_tau = 1000016 │
# ├─────────────────────┼───────────────────┼───────────────────┤
# │ ~chi_10   = 1000022 │ ~chi_20 = 1000023 │ ~chi_30 = 1000025 │
# │ ~chi_40   = 1000035 │ ~chi_1+ = 1000024 │ ~chi_2+ = 1000037 │
# ├─────────────────────┼───────────────────┼───────────────────┤
# │ ~u_L      = 1000002 │ ~u_R    = 2000002 │ ~d_L    = 1000001 │
# │ ~d_R      = 2000001 │ ~c_L    = 1000004 │ ~c_R    = 2000004 │
# │ ~s_L      = 1000003 │ ~s_R    = 2000003 │ ~t_L    = 1000006 │
# │ ~t_R      = 2000006 │ ~b_L    = 1000005 │ ~b_R    = 2000005 │
# ├─────────────────────┼───────────────────┴───────────────────┤
# │ ~g        = 1000021 │                                       │
# └─────────────────────┴───────────────────────────────────────┘
#
particle1 =  2000002
particle2 =  1000022

# Defines the computation to be performed. Three computations are supported:
#
# - result = total: Outputs the total cross section.
#
# - result = pt:    Outputs the value for the transverse momentum at the
#                   value specified by the `pt` variable.
#
# - result = ptj:   Outputs the value for the transverse momentum at the
#                   value specified by the `pt` variable using the joint
#                   resummation formalism.
#
# - result = m:     Outputs the value for the invariant mass distribution at the
#                   value specified by the `M` variable.
#
result = total  # total, pt, ptj or m.
M      = auto  # auto = sqrt((p1 + p2)^2)
pt     = auto

# SLHA input file that defines the SUSY benchmark point.
slha = sps1a1000.in_2000002_550

# Z'/W' model parameters.
# (For di-lepton production, input parameters are read from the zpwp file.)
#zpwp = ssm.in

# PDF sets for LO and NLO. They should be present in the LHAPDF local setup.
pdf_format = lhgrid  # lhgrid or lhpdf
#pdf_lo     = cteq6l1 
pdf_lo     = CT14lo 
pdfset_lo  = 0
pdf_nlo    = CT14lo
pdfset_nlo = 0

#scale factors 
# (1.0 is central scale mu = (m1 + m2) / 2)
mu_f = 1.0
mu_r = 1.0

# Integration parameters.
precision = 0.00001  # desired precision
max_iters = 50  # maximum iterations
#ptcutmax = 0 #6491.18850451893
#ptcutmin = 0.1

# Minimum invariant mass cut for integration for massless outgoing particles. Ignored otherwise.
# (Minv_min = auto sets Minv_min = (3/4)*Mz')
# (Minv_max = auto sets Minv_max = (5/4)*Mz')
Minv_min = auto
Minv_max = auto

# optional PDF fit parameter
# weights
# (If you get weird fit results decrease the weight up tp -2.0)
weight_valence = -1.6
weight_sea = -1.6
weight_gluon = -1.6
# fit PDF from xmin to 1 (auto = mis/sh)
xmin = auto


BLOCK SPINFO
   1   SPheno
   2   v3.3.8

BLOCK SPHENOINFO
   1   2
   2   1

BLOCK MODSEL
   1   1

BLOCK MINPAR
   1    100
   2    250
   3    10.379942
   4    1
   5   -100

BLOCK GAUGE Q=  1000
   1    0.36356374
   2    0.64812488
   3    1.0837109

BLOCK YU Q=  1000
   1   1    7.1127987e-06
   2   2    0.0036133023
   3   3    0.87279224

BLOCK YD Q=  1000
   1   1    0.00013596612
   2   2    0.0025833567
   3   3    0.13686467

BLOCK YE Q=  1000
   1   1    2.9764825e-05
   2   2    0.0061544272
   3   3    0.1035231

BLOCK EXTPAR
   25    10

BLOCK SMINPUTS
   1    127.93133
   2    1.166379e-05
   3    0.1184
   4    91.1876
   5    4.18
   6    173.1
   7    1.77682
   8    0
   11    0.00051099893
   12    0
   13    0.10565837
   14    0
   21    0.005
   22    0.0025
   23    0.095
   24    1.27

BLOCK AU Q=  1000
   1   1   -660.33185
   2   2   -660.32845
   3   3   -491.10237

BLOCK AD Q=  1000
   1   1   -826.6608
   2   2   -826.65833
   3   3   -767.1989

BLOCK AE Q=  1000
   1   1   -251.07866
   2   2   -251.07234
   3   3   -249.28964

BLOCK MSOFT Q=  1000
   1    102.96906
   2    192.78729
   3    571.10537
   21    32432.058
   22   -115231.13
   31    194.43062
   32    194.42759
   33    193.57337
   34    135.78175
   35    135.77293
   36    133.26936
   41    529.8786
   42    529.87714
   43    483.54143
   44    511.5157
   45    511.5138
   46    410.64697
   47    509.34692
   48    509.34575
   49    506.24901

BLOCK MASS
   6    173.1
   23    91.1876
   24    80.397097
   15    1.77682
   25    110.05774
   35    398.86886
   36    398.4879
   37    406.97143
   1000001    573.82943
   2000001    550.83937
   1000002   570
   2000002   550
   1000003    573.82923
   2000003    550.83648
   1000004    568.42943
   2000004    551.09424
   1000005    517.44359
   2000005    550.53616
   1000006    402.0404
   2000006    589.39621
   1000011    202.6294
   2000011    144.1772
   1000012    186.3666
   1000013    202.64679
   2000013    144.13906
   1000014    186.36303
   1000015    133.93367
   2000015    206.86349
   1000016    185.35584
   1000021    1000
   1000022    97.068002
   1000023    180.82713
   1000025   -363.63483
   1000035    381.01568
   1000024    180.44003
   1000037    382.17252

BLOCK ALPHA
      -0.11124287

BLOCK HMIX Q=  1000
   1    358.28228
   2    10
   3    243.14595
   4    142484.11

BLOCK STOPMIX
   1   1    0.55631626
   1   2    0.83097065
   2   1   -0.83097065
   2   2    0.55631626

BLOCK SBOTMIX
   1   1    0.94839719
   1   2    0.31708478
   2   1   -0.31708478
   2   2    0.94839719

BLOCK STAUMIX
   1   1    0.29086891
   1   2    0.95676291
   2   1   -0.95676291
   2   2    0.29086891

BLOCK NMIX
   1   1   -0.98578864
   1   2    0.055409833
   1   3   -0.14905045
   1   4    0.054170851
   2   1   -0.10343569
   2   2   -0.94229116
   2   3    0.27625838
   2   4   -0.15833425
   3   1   -0.060873884
   3   2    0.090924026
   3   3    0.69476493
   3   4    0.71086488
   4   1   -0.11754231
   4   2    0.31741131
   4   3    0.64712206
   4   4   -0.68313022

BLOCK UMIX
   1   1   -0.91478899
   1   2    0.40393206
   2   1    0.40393206
   2   2    0.91478899

BLOCK VMIX
   1   1   -0.97248461
   1   2    0.23296712
   2   1    0.23296712
   2   2    0.97248461

BLOCK HIGGSBOUNDSINPUTHIGGSCOUPLINGSFERMIONS
       0, 100,3,36,15,15

BLOCK HIGGSBOUNDSINPUTHIGGSCOUPLINGSBOSONS
       0,4,36,21,21,23

BLOCK SPHENOLOWENERGY
   1    0.00030651435
   2    1.5798312e-06
   3    3.4935698e-05
   4    2.2605252e-15
   5    9.656702e-11
   6    2.0210085e-08
   7    7.5922583e-14
   8    3.2434097e-09
   9    6.8783757e-07
   10    9.448483e-05
   11    0.97613884
   12    0.55201319
   13    19.724433
   16    0.0021956519
   17    2.2820623e-15
   18    2.4570912e-11
   19    8.2355214e-11
   20    7.3276553e-14
   21    3.1330214e-09
   22    9.0483711e-07
   23    0
   24    0
   25    0
   26    0
   27    0
   28    0
   29    0
   30    0
   31    0
   39    0.00030306231
   40    0
   41    0
   42    0

BLOCK FWCOEF Q=  160
   305   4422   0   0   -0.18886729
   305   4422   0   2   -0.16184448
   305   4322   0   2    0.00028548328
   305   6421   0   0   -0.095243148
   305   6421   0   2   -0.12089493
   305   6321   0   2   -0.00063022387
   3051111   4133   0   0    1.2652488
   3051111   4133   0   2    1.2780444
   3051111   4233   0   2   -1.4556521e-05
   3051111   4137   0   0   -4.0903745
   3051111   4137   0   2   -4.0550215
   3051111   4237   0   2    0.00024920632
   3051313   4133   0   0    1.2652488
   3051313   4133   0   2    1.2780403
   3051313   4233   0   2   -1.455753e-05
   3051313   4137   0   0   -4.0903745
   3051313   4137   0   2   -4.0550256
   3051313   4237   0   2    0.00024920724
   3051212   4137   0   0    1.5060452
   3051212   4137   0   2    1.4982061
   3051212   4237   0   2   -5.8649335e-05
   3051414   4137   0   0    1.5060452
   3051414   4137   0   2    1.4982061
   3051414   4237   0   2   -5.8649106e-05
   3051616   4137   0   0    1.5060452
   3051616   4137   0   2    1.498207
   3051616   4237   0   2   -5.858459e-05

BLOCK IMFWCOEF Q=  160
   305   4422   0   0    3.8615206e-07
   305   4422   0   2    0.00015132584
   305   4322   0   2    3.2005062e-05
   305   6421   0   0    3.3076462e-07
   305   6421   0   2    2.6633123e-05
   305   6321   0   2    1.5552731e-05
   3051111   4133   0   2   -6.048214e-06
   3051111   4233   0   2    3.9320252e-08
   3051111   4137   0   2    4.1215345e-05
   3051111   4237   0   2   -5.9076393e-07
   3051313   4133   0   2   -6.0502282e-06
   3051313   4233   0   2    3.9320383e-08
   3051313   4137   0   2    4.1213984e-05
   3051313   4237   0   2   -5.9076561e-07
   3051212   4137   0   2   -1.0050692e-06
   3051212   4237   0   2    1.392899e-07
   3051414   4137   0   2   -1.0050682e-06
   3051414   4237   0   2    1.392899e-07
   3051616   4137   0   2   -1.0045995e-06
   3051616   4237   0   2    1.3929001e-07

DECAY 23  2.4952


DECAY 24  2.085


DECAY 2000011  0.22025611
    1   2    1000022    11

DECAY 1000011  0.22030783
    0.56488082   2    1000022    11
    0.27567486   2   -1000024    12
    0.15943649   2    1000023    11

DECAY 2000013  0.21994705
    1   2    1000022    13

DECAY 1000013  0.22058261
    0.56506382   2    1000022    13
    0.27555682   2   -1000024    14
    0.15937072   2    1000023    13

DECAY 1000015  0.14644409
    1   2    1000022    15

DECAY 2000015  0.28136038
    0.59195032   2    1000022    15
    0.25777412   2   -1000024    16
    0.14987343   2    1000023    15

DECAY 1000012  0.16091986
    0.95116474   2    1000022    12
    0.035857536   2    1000024    11
    0.012977727   2    1000023    12

DECAY 1000014  0.16090164
    0.95122707   2    1000022    14
    0.035809481   2    1000024    13
    0.012962965   2    1000023    14

DECAY 1000016  0.15602284
    0.96776989   2    1000022    16
    0.022909608   2    1000024    15
    0.0090432444   2    1000023    16
    0.00013874123   3    1000015   -2    1
    0.00013852103   3    1000015   -4    3

DECAY 2000001  0.29801036
    0.98546262   2    1000022    1
    0.0092010609   2    1000023    1
    0.0040593169   2    1000035    1
    0.0012741735   2    1000025    1

DECAY 1000001  5.3832488
    0.60533352   2   -1000024    2
    0.30780115   2    1000023    1
    0.045002628   2   -1000037    2
    0.024154699   2    1000022    1
    0.016038509   2    1000035    1
    0.0016694948   2    1000025    1

DECAY 2000003  0.29847434
    0.98395144   2    1000022    3
    0.0096893863   2    1000023    3
    0.0040487917   2    1000035    3
    0.0012915651   2    1000025    3
    0.001018331   2   -1000024    4

DECAY 1000003  5.3828625
    0.60531002   2   -1000024    4
    0.30779511   2    1000023    3
    0.045022502   2   -1000037    4
    0.024155439   2    1000022    3
    0.016043757   2    1000035    3
    0.0016731755   2    1000025    3

DECAY 1000005  3.9181083
    0.44892433   2   -1000024    6
    0.34707706   2    1000023    5
    0.14456515   2    1000006   -24
    0.042827116   2    1000022    5
    0.011428955   2    1000035    5
    0.0051773864   2    1000025    5

DECAY 2000005  0.76096393
    0.32284788   2    1000022    5
    0.26363822   2    1000006   -24
    0.15758063   2   -1000024    6
    0.11972593   2    1000023    5
    0.079103453   2    1000035    5
    0.057103898   2    1000025    5

DECAY 2000002  1.1927036
    0.98545654   2    1000022    2
    0.0092011991   2    1000023    2
    0.0040663019   2    1000035    2
    0.0012759487   2    1000025    2

DECAY 1000002  5.5896836
    0.64988565   2    1000024    1
    0.31742485   2    1000023    2
    0.01384871   2    1000037    1
    0.011246786   2    1000035    2
    0.0066558184   2    1000022    2
    0.00093818809   2    1000025    2

DECAY 2000004  1.1957784
    0.98227962   2    1000022    4
    0.01021764   2    1000023    4
    0.0040410878   2    1000035    4
    0.0021432124   2    1000024    3
    0.0013180631   2    1000025    4

DECAY 1000004  5.5867249
    0.64976912   2    1000024    3
    0.31736415   2    1000023    4
    0.01386807   2    1000037    3
    0.011267038   2    1000035    4
    0.0067935289   2    1000022    4
    0.00093809255   2    1000025    4

DECAY 1000006  2.0743387
    0.66506302   2    1000024    5
    0.19777813   2    1000022    6
    0.12346804   2    1000023    6
    0.0130534   2    1000037    5
    0.00061755049   2    1000023    4

DECAY 2000006  7.5330609
    0.21801746   2    1000024    5
    0.20127658   2    1000035    6
    0.1933865   2    1000037    5
    0.19306278   2    1000006    23
    0.086402198   2    1000023    6
    0.044572849   2    1000025    6
    0.032451389   2    1000006    25
    0.03083024   2    1000022    6

DECAY 1000024  0.017268444
    0.94609564   2   -1000015    16
    0.044225937   2    1000022    24
    0.0028659798   2   -2000013    14
    0.0022864097   3    1000022   -15    16
    0.0022612784   3    1000022   -13    14
    0.0022612693   3    1000022   -11    12

DECAY 1000037  2.5631731
    0.28737146   2    1000023    24
    0.2418377   2    1000024    23
    0.17484309   2    1000024    25
    0.066443782   2    1000022    24
    0.057306418   2   -2000015    16
    0.052550259   2   -1000013    14
    0.052533096   2   -1000011    12
    0.027254044   2    1000016   -15
    0.019670397   2    1000014   -13
    0.01964368   2    1000012   -11
    0.00023855388   2   -1000015    16
    0.00017235965   3    1000024    5   -5
    0.00010663039   3    1000022   -5    6

DECAY 1000022 -1


DECAY 1000023  0.022667885
    0.43703489   2    1000015   -15
    0.43703489   2   -1000015    15
    0.031022442   2    2000013   -13
    0.031022442   2   -2000013    13
    0.029782106   2    2000011   -11
    0.029782106   2   -2000011    11
    0.0024888707   3    1000022    12   -12
    0.00029809573   3    1000022    11   -11
    0.00029786882   3    1000022    13   -13
    0.00023960385   3    1000022    15   -15
    0.00022592193   3    1000022    5   -5
    0.00021979491   3    1000022    1   -1
    0.00021979454   3    1000022    3   -3
    0.00016460121   3    1000022    2   -2
    0.0001643218   3    1000022    4   -4

DECAY 1000025  1.9762473
    0.29259512   2    1000024   -24
    0.29259512   2   -1000024    24
    0.21540993   2    1000023    23
    0.11395823   2    1000022    23
    0.021595236   2    1000022    25
    0.012265985   2    1000023    25
    0.0069275532   2    2000015   -15
    0.0069275532   2   -2000015    15
    0.0052576006   2    1000015   -15
    0.0052576006   2   -1000015    15
    0.0032945317   2    1000016   -16
    0.0032945317   2   -1000016    16
    0.0032693751   2    1000014   -14
    0.0032693751   2   -1000014    14
    0.0032692859   2    1000012   -12
    0.0032692859   2   -1000012    12
    0.0012847191   2    2000013   -13
    0.0012847191   2   -2000013    13
    0.0012735706   2    2000011   -11
    0.0012735706   2   -2000011    11
    0.00061389242   2    1000013   -13
    0.00061389242   2   -1000013    13
    0.00058913449   2    1000011   -11
    0.00058913449   2   -1000011    11

DECAY 1000035  2.6794149
    0.2545832   2    1000024   -24
    0.2545832   2   -1000024    24
    0.13806735   2    1000023    25
    0.068628487   2    1000022    25
    0.025439456   2    1000016   -16
    0.025439456   2   -1000016    16
    0.025267853   2    1000014   -14
    0.025267853   2   -1000014    14
    0.025267244   2    1000012   -12
    0.025267244   2   -1000012    12
    0.021292633   2    1000022    23
    0.019134524   2    1000023    23
    0.016339251   2    2000015   -15
    0.016339251   2   -2000015    15
    0.0096907972   2    1000013   -13
    0.0096907972   2   -1000013    13
    0.009663484   2    1000011   -11
    0.009663484   2   -1000011    11
    0.0037927423   2    2000011   -11
    0.0037927423   2   -2000011    11
    0.0037843967   2    2000013   -13
    0.0037843967   2   -2000013    13
    0.0025853046   2    1000015   -15
    0.0025853046   2   -1000015    15

DECAY 1000021  5.8412614
    0.10301232   2    1000005   -5
    0.10301232   2   -1000005    5
    0.054032537   2    1000006   -6
    0.054032537   2   -1000006    6
    0.051273486   2    2000005   -5
    0.051273486   2   -2000005    5
    0.04892454   2    2000003   -3
    0.04892454   2   -2000003    3
    0.048921704   2    2000001   -1
    0.048921704   2   -2000001    1
    0.048539582   2    2000002   -2
    0.048539582   2   -2000002    2
    0.048498122   2    2000004   -4
    0.048498122   2   -2000004    4
    0.026774252   2    1000004   -4
    0.026774252   2   -1000004    4
    0.026755489   2    1000002   -2
    0.026755489   2   -1000002    2
    0.021164672   2    1000003   -3
    0.021164672   2   -1000003    3
    0.021163718   2    1000001   -1
    0.021163718   2   -1000001    1
    0.00052475974   2    1000006   -4
    0.00052475974   2   -1000006    4
    0.0001658317   3    1000037    5   -6
    0.0001658317   3   -1000037   -5    6
    0.00014046488   3    1000024    5   -6
    0.00014046488   3   -1000024   -5    6

DECAY 25  0.0028158602
    0.73465748   2    5   -5
    0.10698314   2    15   -15
    0.078153569   2    21    21
    0.039537922   2    4   -4
    0.0062927823   3    24    1   -2
    0.0062927823   3    24    3   -4
    0.0062927823   3   -24   -1    2
    0.0062927823   3   -24   -3    4
    0.002217212   2    22    22
    0.0017979378   3    24    11    12
    0.0017979378   3    24    13    14
    0.0017979378   3    24    15    16
    0.0017979378   3   -24   -11   -12
    0.0017979378   3   -24   -13   -14
    0.0017979378   3   -24   -15   -16
    0.0003790464   2    13   -13
    0.00036860427   3    23    12   -12
    0.00028751133   3    23    1   -1
    0.00028751133   3    23    3   -3
    0.00027829622   3    23    5   -5
    0.00026894297   2    3   -3
    0.00022116256   3    23    4   -4
    0.00021379048   3    23    2   -2
    6.2294122e-05   3    23    15   -15
    6.1925518e-05   3    23    11   -11
    6.1925518e-05   3    23    13   -13

DECAY 35  0.77983918
    0.64388409   2    5   -5
    0.10769426   2    15   -15
    0.06204945   2    6   -6
    0.061343994   2    1000022    1000023
    0.044418707   2    1000024   -1000024
    0.02130054   2    1000022    1000022
    0.01656024   2    1000023    1000023
    0.012715899   2    25    25
    0.0064256373   2    1000015   -1000015
    0.0052965738   2    1000015   -2000015
    0.0052965738   2   -1000015    2000015
    0.004841445   2    24   -24
    0.0023605936   2    23    23
    0.0011912199   2    1000016   -1000016
    0.0011493203   2    1000014   -1000014
    0.0011491687   2    1000012   -1000012
    0.00062004143   2    21    21
    0.00052213311   2    2000013   -2000013
    0.00051103251   2    2000011   -2000011
    0.00038066664   2    13   -13
    0.00022942398   2    3   -3

DECAY 36  1.2079325
    0.41635426   2    5   -5
    0.19852752   2    1000024   -1000024
    0.11548917   2    6   -6
    0.090292043   2    1000022    1000023
    0.076464686   2    1000023    1000023
    0.069636751   2    15   -15
    0.021052027   2    1000022    1000022
    0.0050907316   2    1000015   -2000015
    0.0050907316   2   -1000015    2000015
    0.0014853436   2    25    23
    0.00024612541   2    13   -13
    0.00014833575   2    3   -3

DECAY 37  0.67162214
    0.62668116   2   -5    6
    0.21397509   2    1000024    1000022
    0.12791034   2   -15    12
    0.023859641   2   -1000015    1000016
    0.0029753604   2    25    24
    0.0015894195   2    1000024    1000023
    0.0011145412   2   -1000011    1000012
    0.0011052332   2   -1000013    1000014
    0.00045208793   2   -13    12
    0.00024363695   2   -3    4

DECAY 6  2.43
    1   2    5    24

DECAY 15 -1



  Welcome to Resummino git-latest
  Copyright 2008-2010 Jonathan Debove.
  Copyright 2011-2014 David R. Lamprea.
  Copyright 2011-2016 Marcel Rothering.

  Licensed under the EUPL 1.1 or later.
  See http://www.resummino.org/ for more information.

  If using Resummino for slepton pair production, please cite.
  - G. Bozzi, B. Fuks, M. Klasen, PRD 74, 015001 (2006); NPB 777, 157 (2007); NPB 794, 46 (2007).
  - B. Fuks, M. Klasen, D. R. Lamprea, M. Rothering, EPJC 73, 2480 (2013).

  For gaugino pair production, please cite:
  - J. Debove, B. Fuks, M. Klasen, PLB 688, 208 (2010); NPB 842, 51 (2011); NPB 849, 64 (2011).
  - B. Fuks, M. Klasen, D. R. Lamprea, M. Rothering, JHEP 1210, 081 (2012); EPJC 73, 2480 (2013).

  For associated gaugino gluino production, please cite:
  - B. Fuks, M. Klasen, M. Rothering, JHEP 07:053, (2016).
  - B. Fuks, M. Klasen, D. R. Lamprea, M. Rothering, EPJC 73, 2480 (2013).

LHAPDF 6.2.3 loading /usr/share/LHAPDF/CT14lo/CT14lo_0000.dat
CT14lo PDF set, member #0, version 1; LHAPDF ID = 13200
 alpha_s(M_Z^2) = 0.1180 	 for LO PDF set 
 alpha_s(323.534^2) = 0.0991 	 for LO PDF set 

********************
* LO cross section *
********************
The limits of integration are:

xl[0]=0.000000    xu[0]=1.000000
xl[1]=0.000000    xu[1]=1.000000
xl[2]=0.000000    xu[2]=1.000000

num_dim=3, calls=2000, it_num=1, max_it_num=5 verb=0, alph=1.50,
mode=0, bins=50, boxes=1

       single.......iteration                   accumulated......results   
iteration     integral    sigma             integral         sigma     chi-sq/it

   1        2.6463e-02   1.02e-03          2.6463e-02      1.02e-03    0.00e+00
   2        2.8009e-02   3.66e-04          2.7832e-02      3.44e-04    2.04e+00
   3        2.8363e-02   2.26e-04          2.8204e-02      1.89e-04    1.85e+00
   4        2.7915e-02   2.15e-04          2.8078e-02      1.42e-04    1.57e+00
   5        2.7924e-02   2.19e-04          2.8033e-02      1.19e-04    1.27e+00

num_dim=3, calls=20000, it_num=1, max_it_num=5 verb=0, alph=1.50,
mode=0, bins=50, boxes=1

       single.......iteration                   accumulated......results   
iteration     integral    sigma             integral         sigma     chi-sq/it

   1        2.8160e-02   6.71e-05          2.8160e-02      6.71e-05    0.00e+00
   2        2.8126e-02   6.58e-05          2.8142e-02      4.70e-05    1.30e-01
   3        2.8161e-02   6.56e-05          2.8149e-02      3.82e-05    9.07e-02
   4        2.8153e-02   6.70e-05          2.8150e-02      3.32e-05    6.15e-02
   5        2.8085e-02   6.71e-05          2.8137e-02      2.98e-05    2.32e-01
   5        2.8073e-02   6.74e-05          2.8127e-02      2.72e-05    3.34e-01
   5        2.8167e-02   6.72e-05          2.8132e-02      2.52e-05    3.30e-01
   5        2.8039e-02   6.85e-05          2.8121e-02      2.37e-05    5.18e-01
   5        2.8101e-02   6.84e-05          2.8119e-02      2.24e-05    4.63e-01
   5        2.8047e-02   6.95e-05          2.8112e-02      2.13e-05    5.18e-01
   5        2.8096e-02   6.98e-05          2.8111e-02      2.04e-05    4.71e-01
   5        2.8114e-02   7.12e-05          2.8111e-02      1.96e-05    4.29e-01
   5        2.8172e-02   7.31e-05          2.8115e-02      1.89e-05    4.47e-01
   5        2.8242e-02   7.56e-05          2.8123e-02      1.84e-05    6.17e-01
   5        2.8193e-02   7.75e-05          2.8126e-02      1.79e-05    6.28e-01
   5        2.8066e-02   7.79e-05          2.8123e-02      1.74e-05    6.25e-01
   5        2.8089e-02   7.93e-05          2.8122e-02      1.70e-05    5.97e-01
   5        2.8131e-02   8.16e-05          2.8122e-02      1.66e-05    5.62e-01
   5        2.8203e-02   8.49e-05          2.8125e-02      1.63e-05    5.79e-01
   5        2.8302e-02   8.45e-05          2.8131e-02      1.60e-05    7.71e-01
   5        2.7981e-02   8.66e-05          2.8126e-02      1.58e-05    8.79e-01
   5        2.8265e-02   8.97e-05          2.8131e-02      1.55e-05    9.47e-01
   5        2.8168e-02   9.26e-05          2.8132e-02      1.53e-05    9.11e-01
   5        2.8139e-02   9.36e-05          2.8132e-02      1.51e-05    8.72e-01
   5        2.8252e-02   9.46e-05          2.8135e-02      1.49e-05    9.01e-01
   5        2.7987e-02   9.54e-05          2.8131e-02      1.47e-05    9.59e-01
   5        2.8287e-02   9.70e-05          2.8135e-02      1.46e-05    1.02e+00
   5        2.8182e-02   9.51e-05          2.8136e-02      1.44e-05    9.90e-01
   5        2.8198e-02   9.98e-05          2.8137e-02      1.43e-05    9.68e-01
   5        2.8126e-02   9.86e-05          2.8137e-02      1.41e-05    9.35e-01
   5        2.8053e-02   1.01e-04          2.8135e-02      1.40e-05    9.26e-01
   5        2.8082e-02   1.03e-04          2.8134e-02      1.39e-05    9.05e-01
   5        2.8271e-02   1.06e-04          2.8137e-02      1.37e-05    9.28e-01
   5        2.8028e-02   1.03e-04          2.8135e-02      1.36e-05    9.33e-01
   5        2.7945e-02   9.93e-05          2.8131e-02      1.35e-05    1.01e+00
   5        2.8167e-02   1.01e-04          2.8132e-02      1.34e-05    9.85e-01
   5        2.8074e-02   1.03e-04          2.8131e-02      1.33e-05    9.67e-01
   5        2.8170e-02   1.04e-04          2.8132e-02      1.32e-05    9.44e-01
   5        2.8132e-02   1.03e-04          2.8132e-02      1.30e-05    9.19e-01
   5        2.8131e-02   1.04e-04          2.8132e-02      1.29e-05    8.96e-01
   5        2.8156e-02   1.04e-04          2.8132e-02      1.28e-05    8.75e-01
   5        2.8087e-02   1.02e-04          2.8131e-02      1.27e-05    8.58e-01
   5        2.8327e-02   1.09e-04          2.8134e-02      1.27e-05    9.14e-01
   5        2.8131e-02   1.02e-04          2.8134e-02      1.26e-05    8.92e-01
   5        2.8060e-02   1.03e-04          2.8133e-02      1.25e-05    8.84e-01
   5        2.8110e-02   1.01e-04          2.8132e-02      1.24e-05    8.65e-01
   5        2.8206e-02   1.03e-04          2.8133e-02      1.23e-05    8.57e-01
   5        2.7816e-02   1.06e-04          2.8129e-02      1.22e-05    1.03e+00
   5        2.8268e-02   1.05e-04          2.8131e-02      1.21e-05    1.04e+00
   5        2.8188e-02   1.09e-04          2.8132e-02      1.20e-05    1.03e+00
   5        2.8066e-02   1.06e-04          2.8131e-02      1.20e-05    1.01e+00
   5        2.8075e-02   1.07e-04          2.8130e-02      1.19e-05    1.00e+00
   5        2.8191e-02   1.04e-04          2.8131e-02      1.18e-05    9.87e-01
   5        2.8121e-02   1.08e-04          2.8131e-02      1.17e-05    9.68e-01
   5        2.8231e-02   1.08e-04          2.8132e-02      1.17e-05    9.66e-01
LO = (2.8132110e-02 +- 1.1680650e-05) pb
LHAPDF 6.2.3 loading /usr/share/LHAPDF/CT14lo/CT14lo_0000.dat
CT14lo PDF set, member #0, version 1; LHAPDF ID = 13200
 alpha_s(M_Z^2) = 0.1180 	 for NLO PDF set 
 alpha_s(323.534^2) = 0.0991 	 for NLO PDF set 

********************
* LO cross section *
********************
The limits of integration are:

xl[0]=0.000000    xu[0]=1.000000
xl[1]=0.000000    xu[1]=1.000000
xl[2]=0.000000    xu[2]=1.000000

num_dim=3, calls=2000, it_num=1, max_it_num=5 verb=0, alph=1.50,
mode=0, bins=50, boxes=1

       single.......iteration                   accumulated......results   
iteration     integral    sigma             integral         sigma     chi-sq/it

   1        2.6463e-02   1.02e-03          2.6463e-02      1.02e-03    0.00e+00
   2        2.8009e-02   3.66e-04          2.7832e-02      3.44e-04    2.04e+00
   3        2.8363e-02   2.26e-04          2.8204e-02      1.89e-04    1.85e+00
   4        2.7915e-02   2.15e-04          2.8078e-02      1.42e-04    1.57e+00
   5        2.7924e-02   2.19e-04          2.8033e-02      1.19e-04    1.27e+00

num_dim=3, calls=20000, it_num=1, max_it_num=5 verb=0, alph=1.50,
mode=0, bins=50, boxes=1

       single.......iteration                   accumulated......results   
iteration     integral    sigma             integral         sigma     chi-sq/it

   1        2.8160e-02   6.71e-05          2.8160e-02      6.71e-05    0.00e+00
   2        2.8126e-02   6.58e-05          2.8142e-02      4.70e-05    1.30e-01
   3        2.8161e-02   6.56e-05          2.8149e-02      3.82e-05    9.07e-02
   4        2.8153e-02   6.70e-05          2.8150e-02      3.32e-05    6.15e-02
   5        2.8085e-02   6.71e-05          2.8137e-02      2.98e-05    2.32e-01
   5        2.8073e-02   6.74e-05          2.8127e-02      2.72e-05    3.34e-01
   5        2.8167e-02   6.72e-05          2.8132e-02      2.52e-05    3.30e-01
   5        2.8039e-02   6.85e-05          2.8121e-02      2.37e-05    5.18e-01
   5        2.8101e-02   6.84e-05          2.8119e-02      2.24e-05    4.63e-01
   5        2.8047e-02   6.95e-05          2.8112e-02      2.13e-05    5.18e-01
   5        2.8096e-02   6.98e-05          2.8111e-02      2.04e-05    4.71e-01
   5        2.8114e-02   7.12e-05          2.8111e-02      1.96e-05    4.29e-01
   5        2.8172e-02   7.31e-05          2.8115e-02      1.89e-05    4.47e-01
   5        2.8242e-02   7.56e-05          2.8123e-02      1.84e-05    6.17e-01
   5        2.8193e-02   7.75e-05          2.8126e-02      1.79e-05    6.28e-01
   5        2.8066e-02   7.79e-05          2.8123e-02      1.74e-05    6.25e-01
   5        2.8089e-02   7.93e-05          2.8122e-02      1.70e-05    5.97e-01
   5        2.8131e-02   8.16e-05          2.8122e-02      1.66e-05    5.62e-01
   5        2.8203e-02   8.49e-05          2.8125e-02      1.63e-05    5.79e-01
   5        2.8302e-02   8.45e-05          2.8131e-02      1.60e-05    7.71e-01
   5        2.7981e-02   8.66e-05          2.8126e-02      1.58e-05    8.79e-01
   5        2.8265e-02   8.97e-05          2.8131e-02      1.55e-05    9.47e-01
   5        2.8168e-02   9.26e-05          2.8132e-02      1.53e-05    9.11e-01
   5        2.8139e-02   9.36e-05          2.8132e-02      1.51e-05    8.72e-01
   5        2.8252e-02   9.46e-05          2.8135e-02      1.49e-05    9.01e-01
   5        2.7987e-02   9.54e-05          2.8131e-02      1.47e-05    9.59e-01
   5        2.8287e-02   9.70e-05          2.8135e-02      1.46e-05    1.02e+00
   5        2.8182e-02   9.51e-05          2.8136e-02      1.44e-05    9.90e-01
   5        2.8198e-02   9.98e-05          2.8137e-02      1.43e-05    9.68e-01
   5        2.8126e-02   9.86e-05          2.8137e-02      1.41e-05    9.35e-01
   5        2.8053e-02   1.01e-04          2.8135e-02      1.40e-05    9.26e-01
   5        2.8082e-02   1.03e-04          2.8134e-02      1.39e-05    9.05e-01
   5        2.8271e-02   1.06e-04          2.8137e-02      1.37e-05    9.28e-01
   5        2.8028e-02   1.03e-04          2.8135e-02      1.36e-05    9.33e-01
   5        2.7945e-02   9.93e-05          2.8131e-02      1.35e-05    1.01e+00
   5        2.8167e-02   1.01e-04          2.8132e-02      1.34e-05    9.85e-01
   5        2.8074e-02   1.03e-04          2.8131e-02      1.33e-05    9.67e-01
   5        2.8170e-02   1.04e-04          2.8132e-02      1.32e-05    9.44e-01
   5        2.8132e-02   1.03e-04          2.8132e-02      1.30e-05    9.19e-01
   5        2.8131e-02   1.04e-04          2.8132e-02      1.29e-05    8.96e-01
   5        2.8156e-02   1.04e-04          2.8132e-02      1.28e-05    8.75e-01
   5        2.8087e-02   1.02e-04          2.8131e-02      1.27e-05    8.58e-01
   5        2.8327e-02   1.09e-04          2.8134e-02      1.27e-05    9.14e-01
   5        2.8131e-02   1.02e-04          2.8134e-02      1.26e-05    8.92e-01
   5        2.8060e-02   1.03e-04          2.8133e-02      1.25e-05    8.84e-01
   5        2.8110e-02   1.01e-04          2.8132e-02      1.24e-05    8.65e-01
   5        2.8206e-02   1.03e-04          2.8133e-02      1.23e-05    8.57e-01
   5        2.7816e-02   1.06e-04          2.8129e-02      1.22e-05    1.03e+00
   5        2.8268e-02   1.05e-04          2.8131e-02      1.21e-05    1.04e+00
   5        2.8188e-02   1.09e-04          2.8132e-02      1.20e-05    1.03e+00
   5        2.8066e-02   1.06e-04          2.8131e-02      1.20e-05    1.01e+00
   5        2.8075e-02   1.07e-04          2.8130e-02      1.19e-05    1.00e+00
   5        2.8191e-02   1.04e-04          2.8131e-02      1.18e-05    9.87e-01
   5        2.8121e-02   1.08e-04          2.8131e-02      1.17e-05    9.68e-01
   5        2.8231e-02   1.08e-04          2.8132e-02      1.17e-05    9.66e-01
LO = (2.8132110e-02 +- 1.1680650e-05) pb

*******************************************
* virtual corrections + integrated dipole *
*******************************************
vNLO = (0.0000000e+00 +- 0.0000000e+00) pb

*****************************
* collinear remainder (P+K) *
*****************************
The limits of integration are:

xl[0]=0.000000    xu[0]=1.000000
xl[1]=0.000000    xu[1]=1.000000
xl[2]=0.000000    xu[2]=1.000000
xl[3]=0.000000    xu[3]=1.000000

num_dim=4, calls=2500, it_num=1, max_it_num=5 verb=0, alph=1.50,
mode=0, bins=50, boxes=1

       single.......iteration                   accumulated......results   
iteration     integral    sigma             integral         sigma     chi-sq/it

   1        -1.8827e-02   1.08e-03          -1.8827e-02      1.08e-03    0.00e+00
   2        -1.8286e-02   5.04e-04          -1.8383e-02      4.57e-04    2.05e-01
   3        -1.8434e-02   4.57e-04          -1.8408e-02      3.23e-04    1.06e-01
   4        -1.8690e-02   4.51e-04          -1.8504e-02      2.63e-04    1.57e-01
   5        -1.8805e-02   4.53e-04          -1.8580e-02      2.27e-04    2.00e-01

num_dim=4, calls=25000, it_num=1, max_it_num=3 verb=0, alph=1.50,
mode=0, bins=50, boxes=1

       single.......iteration                   accumulated......results   
iteration     integral    sigma             integral         sigma     chi-sq/it

   1        -1.8176e-02   1.46e-04          -1.8176e-02      1.46e-04    0.00e+00
   2        -1.8201e-02   1.44e-04          -1.8189e-02      1.02e-04    1.52e-02
   3        -1.8145e-02   1.43e-04          -1.8174e-02      8.32e-05    3.91e-02
   3        -1.8147e-02   1.45e-04          -1.8167e-02      7.21e-05    3.49e-02
   3        -1.8339e-02   1.46e-04          -1.8201e-02      6.46e-05    3.06e-01
   3        -1.8227e-02   1.44e-04          -1.8205e-02      5.90e-05    2.51e-01
   3        -1.8401e-02   1.43e-04          -1.8234e-02      5.45e-05    4.76e-01
   3        -1.8351e-02   1.43e-04          -1.8249e-02      5.09e-05    4.92e-01
   3        -1.8378e-02   1.45e-04          -1.8263e-02      4.80e-05    5.20e-01
   3        -1.8023e-02   1.46e-04          -1.8240e-02      4.56e-05    7.31e-01
   3        -1.8327e-02   1.46e-04          -1.8248e-02      4.36e-05    6.90e-01
   3        -1.8253e-02   1.45e-04          -1.8248e-02      4.17e-05    6.28e-01
   3        -1.8207e-02   1.46e-04          -1.8245e-02      4.01e-05    5.81e-01
   3        -1.8408e-02   1.45e-04          -1.8257e-02      3.87e-05    6.27e-01
   3        -1.8350e-02   1.45e-04          -1.8263e-02      3.74e-05    6.10e-01
   3        -1.8449e-02   1.47e-04          -1.8274e-02      3.62e-05    6.69e-01
   3        -1.8237e-02   1.50e-04          -1.8272e-02      3.52e-05    6.31e-01
   3        -1.8108e-02   1.49e-04          -1.8263e-02      3.43e-05    6.61e-01
   3        -1.8406e-02   1.47e-04          -1.8271e-02      3.34e-05    6.74e-01
   3        -1.8285e-02   1.51e-04          -1.8271e-02      3.26e-05    6.39e-01
   3        -1.8418e-02   1.49e-04          -1.8278e-02      3.18e-05    6.54e-01
   3        -1.8255e-02   1.51e-04          -1.8277e-02      3.11e-05    6.24e-01
   3        -1.8327e-02   1.53e-04          -1.8279e-02      3.05e-05    6.00e-01
   3        -1.8145e-02   1.53e-04          -1.8274e-02      2.99e-05    6.06e-01
   3        -1.8381e-02   1.52e-04          -1.8278e-02      2.94e-05    6.00e-01
   3        -1.8234e-02   1.56e-04          -1.8276e-02      2.89e-05    5.79e-01
   3        -1.7982e-02   1.55e-04          -1.8267e-02      2.84e-05    6.91e-01
   3        -1.8287e-02   1.56e-04          -1.8267e-02      2.79e-05    6.66e-01
   3        -1.8432e-02   1.55e-04          -1.8272e-02      2.75e-05    6.81e-01
   3        -1.8298e-02   1.54e-04          -1.8273e-02      2.70e-05    6.59e-01
   3        -1.8399e-02   1.57e-04          -1.8277e-02      2.67e-05    6.57e-01
   3        -1.8403e-02   1.56e-04          -1.8280e-02      2.63e-05    6.56e-01
   3        -1.8539e-02   1.53e-04          -1.8288e-02      2.59e-05    7.23e-01
   3        -1.8128e-02   1.57e-04          -1.8284e-02      2.55e-05    7.32e-01
   3        -1.8175e-02   1.60e-04          -1.8281e-02      2.52e-05    7.23e-01
   3        -1.8092e-02   1.57e-04          -1.8276e-02      2.49e-05    7.43e-01
   3        -1.8046e-02   1.57e-04          -1.8270e-02      2.46e-05    7.80e-01
   3        -1.7998e-02   1.59e-04          -1.8264e-02      2.43e-05    8.36e-01
   3        -1.8390e-02   1.57e-04          -1.8267e-02      2.40e-05    8.31e-01
   3        -1.8547e-02   1.58e-04          -1.8273e-02      2.38e-05    8.88e-01
   3        -1.7874e-02   1.61e-04          -1.8265e-02      2.35e-05    1.02e+00
   3        -1.7939e-02   1.63e-04          -1.8258e-02      2.33e-05    1.09e+00
   3        -1.8068e-02   1.60e-04          -1.8254e-02      2.30e-05    1.10e+00
   3        -1.8293e-02   1.60e-04          -1.8255e-02      2.28e-05    1.07e+00
   3        -1.8112e-02   1.62e-04          -1.8252e-02      2.26e-05    1.06e+00
   3        -1.8077e-02   1.61e-04          -1.8249e-02      2.23e-05    1.07e+00
   3        -1.8290e-02   1.60e-04          -1.8250e-02      2.21e-05    1.04e+00
   3        -1.8197e-02   1.66e-04          -1.8249e-02      2.19e-05    1.02e+00
   3        -1.8135e-02   1.60e-04          -1.8247e-02      2.17e-05    1.01e+00
   3        -1.8402e-02   1.61e-04          -1.8250e-02      2.15e-05    1.01e+00
   3        -1.8329e-02   1.56e-04          -1.8251e-02      2.13e-05    9.96e-01
   3        -1.7888e-02   1.59e-04          -1.8245e-02      2.11e-05    1.08e+00
   3        -1.8218e-02   1.57e-04          -1.8244e-02      2.10e-05    1.06e+00
P+K = (-1.8244122e-02 +- 2.0956918e-05) pb

********************************
* real gluon emission - dipole *
********************************
rNLOg = (0.0000000e+00 +- 0.0000000e+00) pb

**************************************************
* real light quark emission - dipole - (onshell) *
**************************************************
rNLOq = (0.0000000e+00 +- 0.0000000e+00) pb
NLO = (9.8879879e-03 +- 2.3992291e-05) pb

Results:
LO = (2.8132110e-02 +- 1.1680650e-05) pb
NLO = (9.8879879e-03 +- 2.3992291e-05) pb
NLO+NLL = (0.0000000e+00 +- 0.0000000e+00) pb
Thanks for using LHAPDF 6.2.3. Please make sure to cite the paper:
  Eur.Phys.J. C75 (2015) 3, 132  (http://arxiv.org/abs/1412.7420)
 ====================================================
   FF 2.0, a package to evaluate one-loop integrals
 written by G. J. van Oldenborgh, NIKHEF-H, Amsterdam
 ====================================================
 for the algorithms used see preprint NIKHEF-H 89/17,
 'New Algorithms for One-loop Integrals', by G.J. van
 Oldenborgh and J.A.M. Vermaseren, published in 
 Zeitschrift fuer Physik C46(1990)425.
 ====================================================
 
total number of errors and warnings
===================================
fferr: no errors
 
