# Input card for Resummino.

# This input card defines the hadron collider parameters and the process. The
# SUSY model is defined in a separate file in the SLHA file format.
# All energies and masses are in GeV.

# Collider parameters.
collider_type         = proton-proton  # proton-proton or proton-antiproton
center_of_mass_energy = 13000

# Outgoing particles using the value of the PDG-scheme number.
# The particles are listed in the table below. A minus in front of the PDG
# means charge conjugation. 
# ┌─────────────────────┬───────────────────┬───────────────────┐
# │ e_L-      =      11 │ nu_eL   =      12 │                   │
# │ mu_L-     =      13 │ nu_muL  =      14 │                   │
# │ tau_1-    =      15 │ nu_tau  =      16 │                   │
# ├─────────────────────┼───────────────────┼───────────────────┤
# │ ~e_L-     = 1000011 │ ~e_R-   = 2000011 │ ~nu_eL  = 1000012 │
# │ ~mu_L-    = 1000013 │ ~mu_R-  = 2000013 │ ~nu_muL = 1000014 │
# │ ~tau_1-   = 1000015 │ ~tau_2- = 2000015 │ ~nu_tau = 1000016 │
# ├─────────────────────┼───────────────────┼───────────────────┤
# │ ~chi_10   = 1000022 │ ~chi_20 = 1000023 │ ~chi_30 = 1000025 │
# │ ~chi_40   = 1000035 │ ~chi_1+ = 1000024 │ ~chi_2+ = 1000037 │
# ├─────────────────────┼───────────────────┼───────────────────┤
# │ ~u_L      = 1000002 │ ~u_R    = 2000002 │ ~d_L    = 1000001 │
# │ ~d_R      = 2000001 │ ~c_L    = 1000004 │ ~c_R    = 2000004 │
# │ ~s_L      = 1000003 │ ~s_R    = 2000003 │ ~t_L    = 1000006 │
# │ ~t_R      = 2000006 │ ~b_L    = 1000005 │ ~b_R    = 2000005 │
# ├─────────────────────┼───────────────────┴───────────────────┤
# │ ~g        = 1000021 │                                       │
# └─────────────────────┴───────────────────────────────────────┘
#
particle1 =  2000002
particle2 =  1000022

# Defines the computation to be performed. Three computations are supported:
#
# - result = total: Outputs the total cross section.
#
# - result = pt:    Outputs the value for the transverse momentum at the
#                   value specified by the `pt` variable.
#
# - result = ptj:   Outputs the value for the transverse momentum at the
#                   value specified by the `pt` variable using the joint
#                   resummation formalism.
#
# - result = m:     Outputs the value for the invariant mass distribution at the
#                   value specified by the `M` variable.
#
result = total  # total, pt, ptj or m.
M      = auto  # auto = sqrt((p1 + p2)^2)
pt     = auto

# SLHA input file that defines the SUSY benchmark point.
slha = mastercode.in_2000002_900

# Z'/W' model parameters.
# (For di-lepton production, input parameters are read from the zpwp file.)
#zpwp = ssm.in

# PDF sets for LO and NLO. They should be present in the LHAPDF local setup.
pdf_format = lhgrid  # lhgrid or lhpdf
#pdf_lo     = cteq6l1 
pdf_lo     = CT14lo 
pdfset_lo  = 0
pdf_nlo    = CT14lo
pdfset_nlo = 0

#scale factors 
# (1.0 is central scale mu = (m1 + m2) / 2)
mu_f = 1.0
mu_r = 1.0

# Integration parameters.
precision = 0.00001  # desired precision
max_iters = 50  # maximum iterations
#ptcutmax = 0 #6491.18850451893
#ptcutmin = 0.1

# Minimum invariant mass cut for integration for massless outgoing particles. Ignored otherwise.
# (Minv_min = auto sets Minv_min = (3/4)*Mz')
# (Minv_max = auto sets Minv_max = (5/4)*Mz')
Minv_min = auto
Minv_max = auto

# optional PDF fit parameter
# weights
# (If you get weird fit results decrease the weight up tp -2.0)
weight_valence = -1.6
weight_sea = -1.6
weight_gluon = -1.6
# fit PDF from xmin to 1 (auto = mis/sh)
xmin = auto


BLOCK SPINFO
   1   FeynHiggs
   2   built on Jul 10,,2016

BLOCK MODSEL
   1   0
   2   1
   3   0
   4   0
   5   0
   6   0

BLOCK SMINPUTS
   1    127.94
   2    1.16637e-05
   3    0.1185
   4    91.187766
   5    4.18
   6    173.43071
   7    1.777

BLOCK MINPAR
   3    36.448264

BLOCK EXTPAR
   0   -1
   1    252.07217
   2    254.51527
   3   -3861.2696
   11    2770.3377
   12    2770.3377
   13    2770.3377
   23    1333.735
   26    4015.4537
   31    351.09303
   32    351.09303
   33    465.09943
   34    351.09303
   35    351.09303
   36    465.09943
   41    4044.6085
   42    4044.6085
   43    1667.2777
   44    4044.6085
   45    4044.6085
   46    1667.2777
   47    4044.6085
   48    4044.6085
   49    1667.2777

BLOCK MASS
   5    4.8204612
   1000012    356.80859
   1000011    365.66428
   2000011    338.56312
   1000002    4070.6581
   2000002   900
   1000001    4071.2889
   2000001    4064.1403
   1000014    356.80859
   1000013    365.66428
   2000013    338.56312
   1000004    4070.6581
   2000004    4066.4401
   1000003    4071.2889
   2000003    4064.1403
   1000016    485.43254
   1000015    401.56924
   2000015    565.41711
   1000006    1481.1196
   2000006    1718.3128
   1000005    1586.3194
   2000005    1667.9718
   24    80.379114
   25    123.32983
   35    4009.4486
   36    4015.4504
   37    4008.7371
   1000022    248.75895
   1000023    270.35255
   1000025   -1339.3875
   1000035    1341.6685
   1000024    270.49628
   1000037    1342.4883
   1000021    3901.254

BLOCK DMASS
   25    0.63734202
   35    1.0157428
   36    0
   37    0.34463141

BLOCK NMIX
   1   1    0.9989393
   1   2   -0.02716467
   1   3    0.036382318
   1   4   -0.0076598738
   2   1    0.029427129
   2   2    0.99765927
   2   3   -0.060272255
   2   4    0.013314319
   3   1   -0.019370635
   3   2    0.033783717
   3   3    0.70596597
   3   4    0.7071743
   4   1   -0.029649429
   4   2    0.052883957
   4   3    0.70473799
   4   4   -0.70687238

BLOCK UMIX
   1   1    0.99624459
   1   2   -0.086583611
   2   1    0.086583611
   2   2    0.99624459

BLOCK VMIX
   1   1    0.99981694
   1   2   -0.019133211
   2   1    0.019133211
   2   2    0.99981694

BLOCK STAUMIX
   1   1    0.70086061
   1   2    0.71329826
   2   1   -0.71329826
   2   2    0.70086061

BLOCK STOPMIX
   1   1   -0.66435675
   1   2    0.74741562
   2   1   -0.74741562
   2   2   -0.66435675

BLOCK SBOTMIX
   1   1    0.83115061
   1   2    0.55604736
   2   1   -0.55604736
   2   2    0.83115061

BLOCK ALPHA
      -0.027494067

BLOCK DALPHA
       9.0219762e-07

BLOCK HMIX Q=  1664.5777
   1    1333.735
   2    35.806592
   3    242.47028
   4    16909659

BLOCK GAUGE Q=  1664.5777
   1    0.36704379
   2    0.6413851
   3    1.0166993

BLOCK MSOFT Q=  1664.5777
   1    252.07217
   2    254.51527
   3   -3861.2696
   21    14673613
   22   -1714067
   31    351.09303
   32    351.09303
   33    465.09943
   34    351.09303
   35    351.09303
   36    465.09943
   41    4044.6085
   42    4044.6085
   43    1667.2777
   44    4044.6085
   45    4044.6085
   46    1667.2777
   47    4044.6085
   48    4044.6085
   49    1667.2777

BLOCK AE Q=  1664.5777
   1   1    2770.3377
   2   2    2770.3377
   3   3    2770.3377

BLOCK AU Q=  1664.5777
   1   1    2770.3377
   2   2    2770.3377
   3   3    2770.3377

BLOCK AD Q=  1664.5777
   1   1    2770.3377
   2   2    2770.3377
   3   3    2770.3377

BLOCK YE Q=  1664.5777
   1   1    0
   2   2    0
   3   3    0.3679045

BLOCK YU Q=  1664.5777
   1   1    0
   2   2    0
   3   3    0.83518176

BLOCK YD Q=  1664.5777
   1   1    0
   2   2    0
   3   3    0.58600838

BLOCK CVHMIX
   1   1    1
   1   2    3.6550226e-05
   1   3    0
   2   1   -3.6550226e-05
   2   2    1
   2   3    0
   3   1    0
   3   2    0
   3   3    1

BLOCK PRECOBS
   1    3.3506288e-05
   2    80.365506
   3    80.363619
   4    0.23149033
   5    0.2315008
   11    2.7989296e-09
   21    0
   22    0
   23    0
   31    0.0004183993
   32    0.00039517989
   33    21.258677
   34    21.199354
   35    5.7820604e-08
   36    3.4837302e-09

DECAY 1000021  197.7986
    0.1452139   2   -6    1000006
    0.1452139   2   -1000006    6
    0.12646772   2   -5    1000005
    0.12646772   2   -1000005    5
    0.1216935   2   -5    2000005
    0.1216935   2   -2000005    5
    0.10662488   2   -6    2000006
    0.10662488   2   -2000006    6

DECAY 1000006  9.7109416
    0.50686277   2    5    1000024
    0.24725164   2    6    1000023
    0.19043446   2    6    1000022
    0.055451133   2    5    1000037

DECAY 2000006  26.353985
    0.30221969   2    5    1000024
    0.18729806   2    23    1000006
    0.14850592   2    6    1000023
    0.094909088   2    5    1000037
    0.087899272   2    6    1000025
    0.072886859   2    6    1000022
    0.067904297   2    24    1000005
    0.034334181   2    6    1000035
    0.0040426347   2    25    1000006

DECAY 1000005  16.458982
    0.565833   2   -1000024    6
    0.28778723   2    5    1000023
    0.040460568   2    5    1000022
    0.032220471   2   -1000037    6
    0.026264254   2    5    1000025
    0.024448705   2    5    1000035
    0.022985769   2   -24    1000006

DECAY 2000005  11.640088
    0.26637605   2   -1000024    6
    0.20878006   2   -1000037    6
    0.20677681   2   -24    1000006
    0.13665371   2    5    1000023
    0.065380589   2    5    1000035
    0.063542325   2    5    1000025
    0.052490461   2    5    1000022

DECAY 1000002  49.820327
    0.63199704   2    1    1000024
    0.31818946   2    2    1000023
    0.040379054   2    2    1000021
    0.0084495373   2    2    1000022
    0.00056787772   2    2    1000035
    0.00023068197   2    2    1000025
    0.00018635057   2    1    1000037

DECAY 2000002  11.086209
    0.82555995   2    2    1000022
    0.17289001   2    2    1000021
    0.00071552431   2    2    1000023
    0.00058472673   2    2    1000035
    0.0002497837   2    2    1000025

DECAY 1000001  49.79307
    0.62792282   2   -1000024    2
    0.31132328   2    1    1000023
    0.040690128   2    1    1000021
    0.015013352   2    1    1000022
    0.003819078   2   -1000037    2
    0.00087314583   2    1    1000035
    0.00035818789   2    1    1000025

DECAY 2000001  4.1569633
    0.55013385   2    1    1000022
    0.4488334   2    1    1000021
    0.00047680791   2    1    1000023
    0.00038954298   2    1    1000035
    0.00016640523   2    1    1000025

DECAY 1000004  49.820327
    0.63199704   2    3    1000024
    0.31818946   2    4    1000023
    0.040379054   2    4    1000021
    0.0084495373   2    4    1000022
    0.00056787772   2    4    1000035
    0.00023068197   2    4    1000025
    0.00018635057   2    3    1000037

DECAY 2000004  11.086209
    0.82555995   2    4    1000022
    0.17289001   2    4    1000021
    0.00071552431   2    4    1000023
    0.00058472673   2    4    1000035
    0.0002497837   2    4    1000025

DECAY 1000003  49.79307
    0.62792282   2   -1000024    4
    0.31132328   2    3    1000023
    0.040690128   2    3    1000021
    0.015013352   2    3    1000022
    0.003819078   2   -1000037    4
    0.00087314583   2    3    1000035
    0.00035818789   2    3    1000025

DECAY 2000003  4.1569633
    0.55013385   2    3    1000022
    0.4488334   2    3    1000021
    0.00047680791   2    3    1000023
    0.00038954298   2    3    1000035
    0.00016640523   2    3    1000025

DECAY 1000011  1.0534884
    0.57801333   2   -1000024    12
    0.30046512   2    11    1000023
    0.12152155   2    11    1000022

DECAY 2000011  0.38364931
    0.99946216   2    11    1000022
    0.00053784356   2    11    1000023

DECAY 1000013  1.0534884
    0.57801333   2   -1000024    14
    0.30046512   2    13    1000023
    0.12152155   2    13    1000022

DECAY 2000013  0.38364931
    0.99946216   2    13    1000022
    0.00053784356   2    13    1000023

DECAY 1000015  1.3218919
    0.39932218   2   -1000024    16
    0.39398267   2    15    1000022
    0.20669515   2    15    1000023

DECAY 2000015  4.0964911
    0.30678436   2   -1000024    16
    0.28427438   2    15    1000022
    0.24810768   2    23    1000015
    0.16074962   2    15    1000023
    8.3958745e-05   2    25    1000015

DECAY 1000012  0.92103608
    0.57323033   2    11    1000024
    0.27661907   2    12    1000023
    0.1501506   2    12    1000022

DECAY 1000014  0.92103608
    0.57323033   2    13    1000024
    0.27661907   2    14    1000023
    0.1501506   2    14    1000022

DECAY 1000016  3.2137698
    0.58854506   2    15    1000024
    0.2829508   2    16    1000023
    0.12051877   2    16    1000022
    0.0079853729   2   -1000015   -24

DECAY 1000024  3.0969538e-08
    0.2585023   3   -11    12    1000022
    0.2585023   3   -13    14    1000022
    0.19006062   3   -1    2    1000022
    0.19006062   3   -3    4    1000022
    0.10287415   3   -15    16    1000022
    3.2198667e-09   3   -1    2    1000023
    3.2198667e-09   3   -3    4    1000023
    1.1971226e-09   3   -11    12    1000023
    1.1971226e-09   3   -13    14    1000023

DECAY 1000037  11.727239
    0.23297935   2    24    1000023
    0.23238654   2    25    1000024
    0.23167948   2    23    1000024
    0.11569265   2   -15    1000016
    0.067738886   2   -2000015    16
    0.06646209   2    24    1000022
    0.046744757   2   -1000015    16
    0.0030100101   2   -1000011    12
    0.0030100101   2   -1000013    14
    0.00014811413   2   -11    1000012
    0.00014811413   2   -13    1000014

DECAY 1000022 -1


DECAY 1000023  1.2754314e-08
    0.24903924   3   -12    12    1000022
    0.24903924   3   -14    14    1000022
    0.18618639   3   -11    11    1000022
    0.18618639   3   -13    13    1000022
    0.093005183   3   -15    15    1000022
    0.027504179   3   -16    16    1000022
    0.0056786705   2    22    1000022
    0.00077400555   3   -1    1    1000022
    0.00077400555   3   -3    3    1000022
    0.00063668697   3   -5    5    1000022
    0.0005880011   3   -2    2    1000022
    0.0005880011   3   -4    4    1000022

DECAY 1000025  11.579721
    0.22806759   2   -24    1000024
    0.22806759   2   -1000024    24
    0.16056431   2    23    1000023
    0.064357163   2    25    1000023
    0.059178123   2   -15    1000015
    0.059178123   2   -1000015    15
    0.058678956   2    23    1000022
    0.05678613   2   -15    2000015
    0.05678613   2   -2000015    15
    0.025146584   2    25    1000022
    0.00041121497   2   -12    1000012
    0.00041121497   2   -1000012    12
    0.00041121497   2   -14    1000014
    0.00041121497   2   -1000014    14
    0.00035949424   2   -16    1000016
    0.00035949424   2   -1000016    16
    0.00010443183   2   -11    1000011
    0.00010443183   2   -1000011    11
    0.00010443183   2   -13    1000013
    0.00010443183   2   -1000013    13
    0.00010193209   2   -11    2000011
    0.00010193209   2   -2000011    11
    0.00010193209   2   -13    2000013
    0.00010193209   2   -2000013    13

DECAY 1000035  11.709715
    0.22639196   2   -24    1000024
    0.22639196   2   -1000024    24
    0.16156479   2    25    1000023
    0.065426993   2    23    1000023
    0.059012161   2    25    1000022
    0.058155268   2   -15    2000015
    0.058155268   2   -2000015    15
    0.05614624   2   -15    1000015
    0.05614624   2   -1000015    15
    0.024946957   2    23    1000022
    0.00098774291   2   -12    1000012
    0.00098774291   2   -1000012    12
    0.00098774291   2   -14    1000014
    0.00098774291   2   -1000014    14
    0.00086394815   2   -16    1000016
    0.00086394815   2   -1000016    16
    0.00025915226   2   -11    1000011
    0.00025915226   2   -1000011    11
    0.00025915226   2   -13    1000013
    0.00025915226   2   -1000013    13
    0.00023667261   2   -11    2000011
    0.00023667261   2   -2000011    11
    0.00023667261   2   -13    2000013
    0.00023667261   2   -2000013    13

DECAY 25  0.0036304173
    0.59416766   2   -5    5
    0.2042215   2   -24    24
    0.07437047   2    21    21
    0.068640821   2   -15    15
    0.030464132   2   -4    4
    0.023907094   2    23    23
    0.0023902572   2    22    22
    0.0013756789   2    22    23
    0.00023743616   2   -13    13
    0.00022384131   2   -3    3
    8.9132618e-07   2   -1    1
    2.1864172e-07   2   -2    2
    5.337656e-09   2   -11    11

DECAY 35  187.88926
    0.49712052   2   -5    5
    0.06788529   2   -1000037    1000024
    0.06788529   2   -1000024    1000037
    0.05735734   2   -15    15
    0.045363894   2   -1000005    1000005
    0.044052369   2   -1000006    1000006
    0.037560656   2   -2000005    2000005
    0.034122473   2   -2000006    2000006
    0.026511652   2    1000022    1000025
    0.021413547   2    1000022    1000035
    0.021266713   2    1000023    1000025
    0.017163817   2    1000023    1000035
    0.013655077   2   -1000015    1000015
    0.013364887   2   -2000015    2000015
    0.013363552   2   -1000005    2000005
    0.013363552   2   -2000005    1000005
    0.0020528754   2   -1000006    2000006
    0.0020528754   2   -2000006    1000006
    0.0013181917   2   -1000024    1000024
    0.00088145348   2   -6    6
    0.00053764224   2    1000022    1000023
    0.0004255869   2    1000025    1000035
    0.0003350511   2    1000022    1000022
    0.00021568274   2    1000023    1000023
    0.00019588506   2   -13    13
    0.00016252613   2    1000035    1000035
    0.00014012751   2   -3    3
    7.6104991e-05   2    1000025    1000025
    5.0275338e-05   2   -2000013    2000013
    4.6270914e-05   2   -1000013    1000013
    2.9956001e-05   2    21    21
    1.9917861e-05   2   -1000037    1000037
    7.4011839e-06   2    25    25
    5.5811579e-07   2   -1    1
    2.2263488e-07   2    23    23
    9.4099905e-08   2   -1000013    2000013
    9.4099905e-08   2   -2000013    1000013
    9.317359e-08   2   -1000015    2000015
    9.317359e-08   2   -2000015    1000015
    4.6895616e-08   2   -24    24
    2.7593484e-08   2   -2000011    2000011
    1.9828181e-08   2    22    22
    1.6255371e-08   2   -1000011    1000011
    9.949969e-09   2    22    23
    8.9809795e-09   2   -4    4
    4.3991387e-09   2   -11    11
    1.0111944e-09   2   -1000011    2000011
    1.0111944e-09   2   -2000011    1000011
    6.4477173e-14   2   -2    2

DECAY 36  179.7885
    0.47754123   2   -5    5
    0.071055659   2   -1000037    1000024
    0.071055659   2   -1000024    1000037
    0.057589788   2   -1000005    2000005
    0.057589788   2   -2000005    1000005
    0.055090088   2   -15    15
    0.043343712   2   -1000006    2000006
    0.043343712   2   -2000006    1000006
    0.02754102   2    1000022    1000035
    0.022621689   2    1000022    1000025
    0.022092351   2    1000023    1000035
    0.018132278   2    1000023    1000025
    0.014099656   2   -1000015    2000015
    0.014099656   2   -2000015    1000015
    0.0014356632   2   -1000024    1000024
    0.00097493773   2   -6    6
    0.00058550421   2    1000022    1000023
    0.00036480027   2    1000022    1000022
    0.00034281084   2    1000035    1000035
    0.00024237255   2    1000025    1000035
    0.00023493354   2    1000023    1000023
    0.00018813564   2   -13    13
    0.00013459305   2   -3    3
    0.00012853767   2    1000025    1000025
    6.2907712e-05   2   -1000037    1000037
    5.0449206e-05   2   -1000013    2000013
    5.0449206e-05   2   -2000013    1000013
    6.5095342e-06   2    21    21
    5.3607208e-07   2   -1    1
    4.9403255e-07   2    23    25
    4.3439104e-08   2    22    23
    2.4196221e-08   2    22    22
    9.3693369e-09   2   -4    4
    4.2251089e-09   2   -11    11
    1.1800122e-09   2   -1000011    2000011
    1.1800122e-09   2   -2000011    1000011
    4.7621595e-11   2    23    35
    6.7268859e-14   2   -2    2
    8.0747275e-36   2    25    25

DECAY 37  176.72128
    0.49689459   2   -5    6
    0.091754333   2    1000023    1000037
    0.072292051   2    1000024    1000025
    0.072201991   2    1000024    1000035
    0.070990308   2   -2000005    1000006
    0.070917329   2   -1000005    2000006
    0.060264599   2   -15    16
    0.027184612   2   -2000005    2000006
    0.014450981   2   -1000015    1000016
    0.014293329   2   -2000015    1000016
    0.0046155984   2   -1000005    1000006
    0.0017609857   2    1000022    1000037
    0.00073620053   2   -5    4
    0.00072260195   2    1000022    1000024
    0.00022022486   2    1000025    1000037
    0.00021305675   2   -13    14
    0.00014080594   2   -3    4
    0.00013290168   2    1000035    1000037
    9.6253888e-05   2    1000023    1000024
    5.2447251e-05   2   -2000013    1000014
    5.0519497e-05   2   -1000013    1000014
    6.615506e-06   2   -3    2
    5.2572308e-06   2   -5    2
    1.1584726e-06   2   -3    6
    5.6281294e-07   2   -1    2
    5.0025674e-07   2    24    25
    1.1189625e-07   2   -2000011    1000012
    4.352487e-08   2   -1    6
    2.6768784e-08   2   -1    4
    4.9834204e-09   2   -11    12
    1.0080274e-09   2   -1000011    1000012

DECAY 6  1.378287
    1   2    5    24

DECAY 5 -1


DECAY 24 -1



  Welcome to Resummino git-latest
  Copyright 2008-2010 Jonathan Debove.
  Copyright 2011-2014 David R. Lamprea.
  Copyright 2011-2016 Marcel Rothering.

  Licensed under the EUPL 1.1 or later.
  See http://www.resummino.org/ for more information.

  If using Resummino for slepton pair production, please cite.
  - G. Bozzi, B. Fuks, M. Klasen, PRD 74, 015001 (2006); NPB 777, 157 (2007); NPB 794, 46 (2007).
  - B. Fuks, M. Klasen, D. R. Lamprea, M. Rothering, EPJC 73, 2480 (2013).

  For gaugino pair production, please cite:
  - J. Debove, B. Fuks, M. Klasen, PLB 688, 208 (2010); NPB 842, 51 (2011); NPB 849, 64 (2011).
  - B. Fuks, M. Klasen, D. R. Lamprea, M. Rothering, JHEP 1210, 081 (2012); EPJC 73, 2480 (2013).

  For associated gaugino gluino production, please cite:
  - B. Fuks, M. Klasen, M. Rothering, JHEP 07:053, (2016).
  - B. Fuks, M. Klasen, D. R. Lamprea, M. Rothering, EPJC 73, 2480 (2013).

40 0
132.182
LHAPDF 6.2.3 loading /usr/share/LHAPDF/CT14lo/CT14lo_0000.dat
CT14lo PDF set, member #0, version 1; LHAPDF ID = 13200
 alpha_s(M_Z^2) = 0.1180 	 for LO PDF set 
 alpha_s(574.379^2) = 0.0925 	 for LO PDF set 

********************
* LO cross section *
********************
The limits of integration are:

xl[0]=0.000000    xu[0]=1.000000
xl[1]=0.000000    xu[1]=1.000000
xl[2]=0.000000    xu[2]=1.000000

num_dim=3, calls=2000, it_num=1, max_it_num=5 verb=0, alph=1.50,
mode=0, bins=50, boxes=1

       single.......iteration                   accumulated......results   
iteration     integral    sigma             integral         sigma     chi-sq/it

   1        1.0734e-02   4.10e-04          1.0734e-02      4.10e-04    0.00e+00
   2        1.1306e-02   1.45e-04          1.1242e-02      1.37e-04    1.72e+00
   3        1.1444e-02   9.17e-05          1.1381e-02      7.62e-05    1.61e+00
   4        1.1253e-02   8.76e-05          1.1326e-02      5.75e-05    1.49e+00
   5        1.1262e-02   8.92e-05          1.1307e-02      4.83e-05    1.20e+00

num_dim=3, calls=20000, it_num=1, max_it_num=5 verb=0, alph=1.50,
mode=0, bins=50, boxes=1

       single.......iteration                   accumulated......results   
iteration     integral    sigma             integral         sigma     chi-sq/it

   1        1.1363e-02   2.73e-05          1.1363e-02      2.73e-05    0.00e+00
   2        1.1353e-02   2.68e-05          1.1358e-02      1.91e-05    7.91e-02
   3        1.1363e-02   2.67e-05          1.1359e-02      1.56e-05    5.04e-02
   4        1.1369e-02   2.74e-05          1.1362e-02      1.35e-05    6.12e-02
   5        1.1340e-02   2.74e-05          1.1357e-02      1.21e-05    1.77e-01
   5        1.1331e-02   2.75e-05          1.1353e-02      1.11e-05    3.00e-01
   5        1.1375e-02   2.75e-05          1.1356e-02      1.03e-05    3.41e-01
   5        1.1316e-02   2.79e-05          1.1351e-02      9.65e-06    5.56e-01
   5        1.1343e-02   2.80e-05          1.1350e-02      9.13e-06    4.96e-01
   5        1.1324e-02   2.84e-05          1.1348e-02      8.69e-06    5.26e-01
   5        1.1339e-02   2.86e-05          1.1347e-02      8.31e-06    4.82e-01
   5        1.1341e-02   2.93e-05          1.1347e-02      8.00e-06    4.42e-01
   5        1.1372e-02   3.01e-05          1.1348e-02      7.73e-06    4.60e-01
   5        1.1395e-02   3.12e-05          1.1351e-02      7.50e-06    5.88e-01
   5        1.1379e-02   3.21e-05          1.1353e-02      7.31e-06    5.97e-01
   5        1.1332e-02   3.24e-05          1.1352e-02      7.13e-06    5.82e-01
   5        1.1333e-02   3.28e-05          1.1351e-02      6.96e-06    5.65e-01
   5        1.1361e-02   3.37e-05          1.1351e-02      6.82e-06    5.37e-01
   5        1.1388e-02   3.51e-05          1.1352e-02      6.70e-06    5.66e-01
   5        1.1419e-02   3.49e-05          1.1355e-02      6.57e-06    7.19e-01
   5        1.1298e-02   3.59e-05          1.1353e-02      6.47e-06    8.03e-01
   5        1.1407e-02   3.72e-05          1.1355e-02      6.37e-06    8.64e-01
   5        1.1366e-02   3.82e-05          1.1355e-02      6.28e-06    8.29e-01
   5        1.1362e-02   3.85e-05          1.1355e-02      6.20e-06    7.94e-01
   5        1.1404e-02   3.85e-05          1.1356e-02      6.12e-06    8.25e-01
   5        1.1296e-02   3.88e-05          1.1355e-02      6.05e-06    8.88e-01
   5        1.1419e-02   3.92e-05          1.1356e-02      5.98e-06    9.55e-01
   5        1.1373e-02   3.89e-05          1.1357e-02      5.91e-06    9.26e-01
   5        1.1376e-02   4.10e-05          1.1357e-02      5.85e-06    9.01e-01
   5        1.1356e-02   3.95e-05          1.1357e-02      5.78e-06    8.70e-01
   5        1.1325e-02   4.00e-05          1.1356e-02      5.73e-06    8.62e-01
   5        1.1338e-02   4.09e-05          1.1356e-02      5.67e-06    8.41e-01
   5        1.1406e-02   4.20e-05          1.1357e-02      5.62e-06    8.57e-01
   5        1.1317e-02   4.08e-05          1.1356e-02      5.57e-06    8.60e-01
   5        1.1277e-02   3.96e-05          1.1355e-02      5.51e-06    9.51e-01
   5        1.1376e-02   4.06e-05          1.1355e-02      5.46e-06    9.32e-01
   5        1.1335e-02   4.13e-05          1.1355e-02      5.41e-06    9.12e-01
   5        1.1372e-02   4.24e-05          1.1355e-02      5.37e-06    8.92e-01
   5        1.1353e-02   4.17e-05          1.1355e-02      5.33e-06    8.68e-01
   5        1.1353e-02   4.23e-05          1.1355e-02      5.29e-06    8.46e-01
   5        1.1369e-02   4.23e-05          1.1355e-02      5.24e-06    8.28e-01
   5        1.1338e-02   4.15e-05          1.1355e-02      5.20e-06    8.12e-01
   5        1.1436e-02   4.40e-05          1.1356e-02      5.17e-06    8.72e-01
   5        1.1354e-02   4.16e-05          1.1356e-02      5.13e-06    8.51e-01
   5        1.1326e-02   4.20e-05          1.1355e-02      5.09e-06    8.43e-01
   5        1.1348e-02   4.09e-05          1.1355e-02      5.05e-06    8.25e-01
   5        1.1392e-02   4.18e-05          1.1356e-02      5.01e-06    8.23e-01
   5        1.1227e-02   4.28e-05          1.1354e-02      4.98e-06    9.96e-01
   5        1.1401e-02   4.22e-05          1.1355e-02      4.95e-06    1.00e+00
   5        1.1374e-02   4.37e-05          1.1355e-02      4.91e-06    9.84e-01
   5        1.1319e-02   4.28e-05          1.1355e-02      4.88e-06    9.78e-01
   5        1.1332e-02   4.34e-05          1.1354e-02      4.85e-06    9.64e-01
   5        1.1386e-02   4.24e-05          1.1355e-02      4.82e-06    9.57e-01
   5        1.1351e-02   4.41e-05          1.1355e-02      4.79e-06    9.39e-01
   5        1.1393e-02   4.40e-05          1.1355e-02      4.76e-06    9.35e-01
LO = (1.1355088e-02 +- 4.7638465e-06) pb

Results:
LO = (1.1355088e-02 +- 4.7638465e-06) pb
NLO = (0.0000000e+00 +- 0.0000000e+00) pb
NLO+NLL = (0.0000000e+00 +- 0.0000000e+00) pb
Thanks for using LHAPDF 6.2.3. Please make sure to cite the paper:
  Eur.Phys.J. C75 (2015) 3, 132  (http://arxiv.org/abs/1412.7420)
 ====================================================
   FF 2.0, a package to evaluate one-loop integrals
 written by G. J. van Oldenborgh, NIKHEF-H, Amsterdam
 ====================================================
 for the algorithms used see preprint NIKHEF-H 89/17,
 'New Algorithms for One-loop Integrals', by G.J. van
 Oldenborgh and J.A.M. Vermaseren, published in 
 Zeitschrift fuer Physik C46(1990)425.
 ====================================================
 
total number of errors and warnings
===================================
fferr: no errors
 
